Script started on Thu Nov 11 09:51:51 2021

The default interactive shell is now zsh.
To update your account to use zsh, please run `chsh -s /bin/zsh`.
For more details, please visit https://support.apple.com/kb/HT208050.
[?1034hbash-3.2$ 
bash-3.2$ cd /Docu[K[K[K[K[K[K[K[Kpwd
/Users/emdlvanderheijden/Documents/Work/Postdoc_VI _UU/Research/Courses/Writing_reproducible_code/good-enough-project-template
bash-3.2$ cd [K[K[Kls [K
CITATION.md		config			results
LICENSE.md		data			src
README.md		docs			typescript
bin			requirements.txt
bash-3.2$ cp /Doci[Ki[Kuments/[K[K[K[K[K[K[K[Kcuments/Work/Postdoc_VI _[K[K_[K)[K_[K\ UU_UU[C[C/Research/Porjects/[K[K[K[K[K[K[K[Krojects/Bayesian_work/Re-analysis_ [A[C[C[C[C[C[C[C[C[C[C[C[C[C[C[C[C[C[C[C[C[C[C[C[C[C[C[C[C[C[C[C[C[C[C[C[C[C[C[C[C[C[C[C[C[C[C[C[C[C[C[C[C[C[C[C[C[C[C[C[C[C[C[C[C[C[C[C[C[C[C[C[C[C[C[C[C[C[C[C[C[C[C[C[C[C[C[C[C[K
[K[A[C[C[C[C[C[C[C[C[C[C[C[C[C[C[C[C[C[C[C[C[C[C[C[C[C[C[C[C[C[C[C[C[C[C[C[C[C[C[C[C[C[C[C[C[C[C[C[C[C[C[C[C[C[C[C[C[C[C[C[C[C[C[C[C[C[C[C[C[C[C[C[C[C[C[C[C[C[C[C[C[C[C[C[C[C[C[C[C[Ks_ Bayseian[K[K[K[K[Kesian/Database[K[K[K[K[K[K[K[K"Database HipMGR.[K[K[K[K[KPMGR.txt"[A[C[C[C[C[C[C[C[C[C[C[C[C[C[C[C[C[C[C[C[C[C[C[C[C[C[C[C[C[C[C[C[C[C[C[C[C[C[C[C[C[C[C[C[C[C[C[C[C[C[C[C[C[C[C[C[C[C[C[C[C[C[C[C[C[C[C[C[C[C[C[C[C[C[C[C[C[C[C[C[C[C[C[C[C[C[C[C[C _UU/Research/Projects/Bayesian_work/Re-analysis_Ba[1P[A[C[C[C[C[C[C[C[C[C[C[C[C[C[C[C[C[C[C[C[C[C[C[C[C[C[C[C[C[C[C[C[C[C[C[C[C[C[C"Postdoc_VI _UU/Research/Projects/Bayesian_work/Re-analysis_B[1@a[A[C[C[C[C[C[C[C[C[C[C[C[C[C[C[C[C[C[C[C[C[C[C[C[C[C[C[C[C[C[C[C[C[C[C[C[C[C[C[C[C[C"U/Research/Projects/Bayesian_work/Re-analysis_[1@B[A[C[C[C[C[C[C[C[C[C[C[C[C[C[C[C[C[C[C[C[C[C[C[C[C[C[C[C[C[C[C[C[C[C[C[C[C[C[C[C[C[C[CU/Research/Projects/Bayesian_work/Re-analysis_B[1P[A[C[C[C[C[C[C[C[C[C[C[C[C[C[C[C[C[C[C[C[C[C[C[C[C[C[C[C[C[C[C[C[C[C[C[C[C[C[C[C[C[C[C[C"/Research/Projects/Bayesian_work/Re-analysis_[1@B[A[C[C[C[C[C[C[C[C[C[C[C[C[C[C[C[C[C[C[C[C[C[C[C[C[C[C[C[C[C[C[C[C[C[C[C[C[C[C[C[C[C[C[C
[C[C[C[C[C[C[C[C[C[C[C[C[C[C[C[C[C[C[C[C[C[C[C[C[C[C[C[C[C[C[C data/raw
cp: /Documents/Work/Postdoc_VI _UU/Research/Projects/Bayesian_work/Re-analysis_Bayesian/Database HiPMGR.txt: No such file or directory
bash-3.2$ cp /Documents/Work/"Postdoc_VI _UU"/Research/Projects/Bayesian_work/Re-analysis__Bayesian/"Database HiPMGR.txt" data/raw[A[C[C[C[C[C[C[C[C[C[C[C[C[C~/Documents/Work/"Postdoc_VI _UU"/Research/Projects/Bayesian_work/Re-analysis[1@_[A[C[C[C[C[C[C[C[C[C[C[C[C

cp: /Users/emdlvanderheijden/Documents/Work/Postdoc_VI _UU/Research/Projects/Bayesian_work/Re-analysis_Bayesian/Database HiPMGR.txt: No such file or directory
bash-3.2$ cp ~/Documents/Work/"Postdoc_VI _UU"/Research/Projects/Bayesian_work/Re-analysiss_Bayesian/"Database HiPMGR.txt" data/raw[A[C[C[C[C[C[C[C[C[C[C[C[C[C[C[C[C[C[C[C[C[C[C[C[C[C[C[C[C[C[C[C[C[C[C[C[C[C[C[C[C[C[C[C[C[C[C[C[C[C[C[C[C[C[C[C[C[C[C[C[C[C[C[C[C[C[C[C[C[C[C[C[C[C[C[C[C[C[C[C[C[C[C[C[C[C[C[C[Cnalysis_[1P[A[C[C[C[C[C[C[C[C[C[C[C[C[C[C[C[C[C[C[C[C[C[C[C[C[C[C[C[C[C[C[C[C[C[C[C[C[C[C[C[C[C[C[C[C[C[C[C[C[C[C[C[C[C[C[C[C[C[C[C[C[C[C[C[C[C[C[C[C[C[C[C[C[C[C[C[C[C[C[C[C[CAnalysis[1@_[A[C[C[C[C[C[C[C[C[C[C[C[C[C[C[C[C[C[C[C[C[C[C[C[C[C[C[C[C[C[C[C[C[C[C[C[C[C[C[C[C[C[C[C[C[C[C[C[C[C[C[C[C[C[C[C[C[C[C[C[C[C[C[C[C[C[C[C[C[C[C[C[C[C[C[C[C[C[C[C[C[C

cp: /Users/emdlvanderheijden/Documents/Work/Postdoc_VI _UU/Research/Projects/Bayesian_work/Re-Analysis_Bayesian/Database HiPMGR.txt: No such file or directory
bash-3.2$ cp ~/Documents/Work/"Postdoc_VI _UU"/Research/Projects/Bayesian_work/Re-Analysiss_Bayesian/"Database HiPMGR.txt" data/raw[1@C[1@h[1@3[1@_
bash-3.2$ ls data/raw
Database HiPMGR.txt
bash-3.2$ ls data/raw[Kc[Kls data/rawcp ~/Documents/Work/"Postdoc_VI _UU"/Research/Projects/Bayesian_work/Re-Analysiss_Ch3_Bayesian/"Database HiPMGR.txt" data/raw[C[K[K[K[K[K[K[K[K[C[C[C[1P [1P [1P [1P [1P [1P [1P [1P [1P [1P [1P [K[1P [1P [1P [1P [1P [1P [1P [1P [1P ' [1P " S c r i p t [C B a y e s i a n [C H i p M G R _ v 3 . R m d " 
usage: cp [-R [-H | -L | -P]] [-fi | -n] [-apvXc] source_file target_file
       cp [-R [-H | -L | -P]] [-fi | -n] [-apvXc] source_file ... target_directory
bash-3.2$ cp ~/Documents/Work/"Postdoc_VI _UU"/Research/Projects/Bayesian_work/Re-Analysiss_Ch3_Bayesian/"Script Bayesian HipMGR_v3.Rmd" .
bash-3.2$ ls
CITATION.md			data
LICENSE.md			docs
README.md			requirements.txt
Script Bayesian HipMGR_v3.Rmd	results
bin				src
config				typescript
bash-3.2$ lscp ~/Documents/Work/"Postdoc_VI _UU"/Research/Projects/Bayesian_work/Re-Analysiss_Ch3_Bayesian/"Script Bayesian HipMGR_v3.Rmd" .[K[K[K" .[A[C[C[C[C[C[C[C[C[C[Cls[K
[K[A[C[C[C[C[C[C[C[C[C[C[C[Ccp ~/Documents/Work/"Postdoc_VI _UU"/Research/Projects/Bayesian_work/Re-Analysiss_Ch3_Bayesian/"Script Bayesian HipMGR_v3.Rmd" .[1P[1P[1P[1P[1P[1P[1P[1P[1P[1P[1P[1P[1P[1P[1P[1P[1P[1P[1P[1P[1P[1P[1P[1P[1P[1P[1P[1P[1P[1@S[1@c[1@r[1@i[1@p[1@t[1@-[1@B[1@a[1@y[1@e[1@s[1@i[1@a[1@n[1P[1P[1P[1P[1P[1P[1P[1P[1P[1P[1P[1P[1P[1P[1P[C[1P .[1P .S .c .r .i .p .t .- .a .[1P .B .a .y .e .s .i .a .n .- .H .i .p .M .G .R .. .h .t .m .l .[C[C[Kdata[K[K[Kics==[K[K[K[K[Kocs/manuscript[K[K[K[K[K[K[K[K[K[Kreports[K[K[K[K[K[K[Kmanuscript[K[K[K[K[K[K[K[K[K[K[K[K[K[K[Kresults/output
bash-3.2$ cp ~/Documents/Work/"Postdoc_VI _UU"/Research/Projects/Bayesian_work/Re-Analysiss_Ch3_Bayesian/Script-Bayesian-HipMGR.html results/output[1P results/output[1P results/output[1P results/output[1P results/output[1P results/output[1P results/output[1P results/output[1P results/output[1P results/output[1P results/output[1P results/output[1P results/output[1P results/output[1P results/output[1P results/output[1P results/output[1P results/output[1P results/output[1P results/output[1P results/output[1P results/output[1P results/output[1P results/output[1P results/output[1P results/output[1P results/output[1P results/output2 results/output0 results/output2 results/output1 results/output1 results/output0 results/output1 results/output3 results/outputB results/outputa results/outputy results/outpute results/outputs results/outputi results/outputa results/outputn results/output_ results/outputl results/outputa results/outputt results/outpute results/outputn results/outputt results/output_ results/outputc results/outputl results/outputa results/outputs results/outputs results/output_ results/outputa results/outputn results/outputa results/outputl results/outputy results/outputs results/outputi results/outputs results/output_ results/outputH results/outputi results/outputP results/output_ results/outputM results/outputG results/outputR results/output. results/outputp results/outputd results/outputf results/output
bash-3.2$ pwd
/Users/emdlvanderheijden/Documents/Work/Postdoc_VI _UU/Research/Courses/Writing_reproducible_code/good-enough-project-template
bash-3.2$ mv good-en[K[K[K[K[K[K[Kgood-enough0[K-project-templta[K[Kate/S[K"Script Bayesian HipMGR_v3/[K.Rmd good-enough-proj ect-template/docs/manuscript[K[K[K[K[K[K[K[K[K[Kreo[K[K[K[K[K[K[K[K[K[K[K[K[K[K[K[K[K[K[K[K[K[A[C[C[C[C[C[C[C[C[C[C[C[C[C[C[C[C[C[C[C[C[C[C[C[C[C[C[C[C[C[C[C[C[C[C[C[C[C[C[C[C[C[C[C[C[C[C[C[C[C[C[C[C[C[C[C[C[C[C[C[C[C[C[C[C[C[C[C[C[C[C[C[C[C[C[C[C[C[C[C[C[C[C[C[C[C[C[C[C[K
[K[A[C[C[C[C[C[C[C[C[C[C[C[C[C[C[C[C[C[C[C[C[C[C[C[C[C[C[C[C[C[C[C[C[C[C[C[C[C[C[C[C[C[C[C[C[C[C[C[C[C[C[C[C[C[C[C[C[C[C[C[C[C[C[C[C[C[C[C[C[C[C[C[C[C[C[C[C[C[C[C[C[C[C[C[C[C[C[C[C[K[K[K[K[K[K[K[K[K[K[K[K[K[K[K[K[K[K[K[K[K[K[K[K[K[K[K[K[K[K[K[K[K[K[K[K[K[K[K[K[K[K[K[K[K[K[K[K[K[K[K[K[K[K[K[K[K[K[K[K[K[K[K[K[K[K[K[K[K[K[K[K[K[K[K[K[K[Kpwd
/Users/emdlvanderheijden/Documents/Work/Postdoc_VI _UU/Research/Courses/Writing_reproducible_code/good-enough-project-template
bash-3.2$ git n[Kinit
[33mhint: Using 'master' as the name for the initial branch. This default branch name[m
[33mhint: is subject to change. To configure the initial branch name to use in all[m
[33mhint: of your new repositories, which will suppress this warning, call:[m
[33mhint: [m
[33mhint: 	git config --global init.defaultBranch <name>[m
[33mhint: [m
[33mhint: Names commonly chosen instead of 'master' are 'main', 'trunk' and[m
[33mhint: 'development'. The just-created branch can be renamed via this command:[m
[33mhint: [m
[33mhint: 	git branch -m <name>[m
Initialized empty Git repository in /Users/emdlvanderheijden/Documents/Work/Postdoc_VI _UU/Research/Courses/Writing_reproducible_code/good-enough-project-template/.git/
bash-3.2$ git add *
The following paths are ignored by one of your .gitignore files:
bin
[33mhint: Use -f if you really want to add them.[m
[33mhint: Turn this message off by running[m
[33mhint: "git config advice.addIgnoredFile false"[m
bash-3.2$ git commit -m "First commit";2D;2D;2D[K[K[K[K[K[K[K[K[K
[master (root-commit) de0f28c] First commit
 14 files changed, 1972 insertions(+)
 create mode 100644 CITATION.md
 create mode 100644 LICENSE.md
 create mode 100644 README.md
 create mode 100644 Script Bayesian HipMGR_v3.Rmd
 create mode 100644 config/.gitkeep
 create mode 100644 docs/manuscript/.gitkeep
 create mode 100644 docs/report/.gitkeep
 create mode 100644 requirements.txt
 create mode 100644 results/figures/.gitkeep
 create mode 100644 results/output/.gitkeep
 create mode 100644 results/output/20211013Bayesian_latent_class_analysis_HiP_MGR.pdf
 create mode 100644 results/output/Script-Bayesian-HipMGR.html
 create mode 100644 src/.gitkeep
 create mode 100644 typescript
bash-3.2$ pwd
/Users/emdlvanderheijden/Documents/Work/Postdoc_VI _UU/Research/Courses/Writing_reproducible_code/good-enough-project-template
bash-3.2$ ls good-enough-project-template
ls: good-enough-project-template: No such file or directory
bash-3.2$ ls
CITATION.md			data
LICENSE.md			docs
README.md			requirements.txt
Script Bayesian HipMGR_v3.Rmd	results
bin				src
config				typescript
bash-3.2$ ls -a
.				bin
..				config
.DS_Store			data
.git				docs
.gitignore			requirements.txt
CITATION.md			results
LICENSE.md			src
README.md			typescript
Script Bayesian HipMGR_v3.Rmd
bash-3.2$ nano .gito[Kignore
[?1049h[1;66r(B[m[4l[?7h[?12l[?25h[?1h=[?1h=[?1h=[39;49m[39;49m(B[m[H[2J(B[0;7m  GNU nano 2.0.6                 File: .gitignore                                        [3;1H(B[m# exclude compiled binaries and external models[4d/bin[6d# exclude data from source control by default[7d/data/temp[8d/data/processed[9d/data/raw[64;37H(B[0;7m[ Read 7 lines ][65d^G(B[m Get Help   (B[0;7m^O(B[m WriteOut   (B[0;7m^R(B[m Read File  (B[0;7m^Y(B[m Prev Page  (B[0;7m^K(B[m Cut Text   (B[0;7m^C(B[m Cur Pos[66d(B[0;7m^X(B[m Exit[15G(B[0;7m^J(B[m Justify    (B[0;7m^W(B[m Where Is   (B[0;7m^V(B[m Next Page  (B[0;7m^U(B[m UnCut Text (B[0;7m^T(B[m To Spell[3d[65d[J[66;89H[66;1H[?1049l[?1l>bash-3.2$ gt[Kit remoe[Kr[Kte add origin git@github:[EMDLvdHEIJDEN'[K]/[good-enough-project-templayte [A[C[C[C[C[C[C[C[C[C[C[C[C[C[C[C[C[C[C[C[C[C[C[C[C[C[C[C[C[C[C[C[C[C[C[C[C[C[C[C[C[C[C[C[C[C[C[C[C[C[C[C[C[C[C[C[C[C[C[C[C[C[C[C[C[C[C[C[C[C[C[C[C[C[C[C[C[C[C[C[C[C[C[C[C[C[C[C[C[K
[K[A[C[C[C[C[C[C[C[C[C[C[C[C[C[C[C[C[C[C[C[C[C[C[C[C[C[C[C[C[C[C[C[C[C[C[C[C[C[C[C[C[C[C[C[C[C[C[C[C[C[C[C[C[C[C[C[C[C[C[C[C[C[C[C[C[C[C[C[C[C[C[C[C[C[C[C[C[C[C[C[C[C[C[C[C[C[C[C[C[K[Kte] .git
bash-3.2$ git ush -u origin master
git: 'ush' is not a git command. See 'git --help'.

The most similar command is
	push
bash-3.2$ git ush -u origin master[1@p
ssh: Could not resolve hostname github: nodename nor servname provided, or not known
fatal: Could not read from remote repository.

Please make sure you have the correct access rights
and the repository exists.
bash-3.2$ git push -u origin master
ssh: Could not resolve hostname github: nodename nor servname provided, or not known
fatal: Could not read from remote repository.

Please make sure you have the correct access rights
and the repository exists.
bash-3.2$ git push -u origin master[C[C[C[C[C[C[C[C[C[C[C[C[C[C[1P[C[C[C[C[C[C[C[C[C[C[C[C[C[C[C[C[C[C[C[C[C[C[C[C[C[C[C[C[C[C[C[C[C[Cremote add origin git@github:[EMDLvdHEIJDEN]/[good-enough-project-template]..git[A[C[C[C[C[C[C[C[C[C[C[C[C[C[C[C[C[C[C[C[C[C[C[C[C[C[C[C[C[C[C[C[C[C[C[C[C[C[C[C[C[C[C[C[C[C[C[C[C[C[C[C[C[C[C[C[C[C[C[C[C[C[C[C[C[C[C[C[C[C[C[C[C[C[C[C[C[C[C[C[C[C[C[C[C[C[C[C[C[C].g[1Pit[A[C[C[C[C[C[C[C[C[C[C[C[C[C[C[C[C[C[C[C[C[C[C[C[C[C[C[C[C[C[C[C[C[C[C[C[C[C[C[C[C[C[C[C[C[C[C[C[C[C[C[C[C[C[C[C[C[C[C[C[C[C[C[C[C[C[C[C[C[C[C[C[C[C[C[C[C[C[C[C[C[C[C[C[C[C.gi[1Pt[A[C[C[C[C[C[C[C[C[C[C[C[C[C[C[C[C[C[C[C[C[C[C[C[C[C[C[C[C[C[C[C[C[C[C[C[C[C[C[C[C[C[C[C[C[C[C[C[C[C[C[C[C[C[C[C[C[C[C[C[C[C[C[C[C[C[C[C[C[C[C[C[C[C[C[C[C[C[C[C[C[C[C[C[C[Ce.git[A[C[C[C[C[C[C[C[C[C[C[C[C[C[C[C[C[C[C[C[C[C[C[C[C[C[C[C[C[C[C[C[C[C[C[C[C[C[C[C[C[C[C[C[C[C[C[C[C[C[C[C[C[C[C[C[C[C[C[C[C[C[C[C[C[C[C[C[C[C[C[C[C[C[C[C[C[C[C[C[C[C[C[C[C[C[C[C[C[C[C[C[C[C[C[C[C[C[C[Cush -u origin master[K
[K[A[C[C[C[C[C[C[C[C[C[C[C[C[C[C[C[C[C[C[C[C[C[C[C[C[C[C[C[C[C[C[C[C[C[C[C[C[C[C[C[C[C[C[C[C[C[C[C[Cremote add origin git@github:[EMDLvdHEIJDEN]/[good-enough-project-template.ggit[A[C[C[C[C[C[C[C[C[C[C[C[C[C[C[C[C[C[C[C[C[C[C[C[C[C[C[C[C[C[C[C[C[C[C[C[C[C[C[C[C[C[C[C[C[C[C[C[C[C[C[C[C[C[C[C[C[C[C[C[C[C[C[C[C[C[C[C[C[C[C[C[C[C[C[C[C[C[C[C[C[C[C[C[C[C[C[C[Cgood-enough-project-template.gi[1Pt[A[C[C[C[C[C[C[C[C[C[C[C[C[C[C[C[C[C[C[C[C[C[C[C[C[C[C[C[C[C[C[C[C[C[C[C[C[C[C[C[C[C[C[C[C[C[C[C[C[C[C[C[C[C[C[C[C[C[C/good-enough-project-template.git[K[A[C[C[C[C[C[C[C[C[C[C[C[C[C[C[C[C[C[C[C[C[C[C[C[C[C[C[C[C[C[C[C[C[C[C[C[C[C[C[C[C[C[C[C[C[C[C[C[C[C[C[C[C[C[C[C[CEMDLvdHEIJDEN/good-enough-project-template.git [K[A[C[C[C[C[C[C[C[C[C[C[C[C[C[C[C[C[C[C[C[C[C[C[C[C[C[C[C[C[C[C[C[C[C[C[C[C[C[C[C[C[C[C[C

error: remote origin already exists.
bash-3.2$ git remote add origin git@github:EMDLvdHEIJDEN/good-enough-project-template.git [A[C[C[C[C[C[C[C[C[C[C[C[C[C[C[C[C[C[C[C[C[C[C[C[C[C[C[C[C[C[C[C[C[C[C[C[C[C[C[C[C[C[C[C[C[C[C[C[C[C[C[C[C[C[C[C[C[C[C[C[C[C[C[C[C[C[C[C[C[C[C[C[C[C[C[C[C[C[C[C[C[C[C[C[C[C[C[C[C[Kt
error: remote origin already exists.
bash-3.2$ git [K[K[K[Kpwd
/Users/emdlvanderheijden/Documents/Work/Postdoc_VI _UU/Research/Courses/Writing_reproducible_code/good-enough-project-template
bash-3.2$ git init
[33mhint: Using 'master' as the name for the initial branch. This default branch name[m
[33mhint: is subject to change. To configure the initial branch name to use in all[m
[33mhint: of your new repositories, which will suppress this warning, call:[m
[33mhint: [m
[33mhint: 	git config --global init.defaultBranch <name>[m
[33mhint: [m
[33mhint: Names commonly chosen instead of 'master' are 'main', 'trunk' and[m
[33mhint: 'development'. The just-created branch can be renamed via this command:[m
[33mhint: [m
[33mhint: 	git branch -m <name>[m
Initialized empty Git repository in /Users/emdlvanderheijden/Documents/Work/Postdoc_VI _UU/Research/Courses/Writing_reproducible_code/good-enough-project-template/.git/
bash-3.2$ git add *
The following paths are ignored by one of your .gitignore files:
bin
[33mhint: Use -f if you really want to add them.[m
[33mhint: Turn this message off by running[m
[33mhint: "git config advice.addIgnoredFile false"[m
bash-3.2$ git cm[Kommit -m "First commit"
[master (root-commit) f569c9e] First commit
 14 files changed, 2042 insertions(+)
 create mode 100644 CITATION.md
 create mode 100644 LICENSE.md
 create mode 100644 README.md
 create mode 100644 Script Bayesian HipMGR_v3.Rmd
 create mode 100644 config/.gitkeep
 create mode 100644 docs/manuscript/.gitkeep
 create mode 100644 docs/report/.gitkeep
 create mode 100644 requirements.txt
 create mode 100644 results/figures/.gitkeep
 create mode 100644 results/output/.gitkeep
 create mode 100644 results/output/20211013Bayesian_latent_class_analysis_HiP_MGR.pdf
 create mode 100644 results/output/Script-Bayesian-HipMGR.html
 create mode 100644 src/.gitkeep
 create mode 100644 typescript
bash-3.2$ git remote add origin git@github.com:EMDLvdE[KHEIJDEN/good-enough-project-template .git
bash-3.2$ git push -u origina[K master
ERROR: Repository not found.
fatal: Could not read from remote repository.

Please make sure you have the correct access rights
and the repository exists.
bash-3.2$ git push -u origin master
Enumerating objects: 15, done.
Counting objects:   6% (1/15)Counting objects:  13% (2/15)Counting objects:  20% (3/15)Counting objects:  26% (4/15)Counting objects:  33% (5/15)Counting objects:  40% (6/15)Counting objects:  46% (7/15)Counting objects:  53% (8/15)Counting objects:  60% (9/15)Counting objects:  66% (10/15)Counting objects:  73% (11/15)Counting objects:  80% (12/15)Counting objects:  86% (13/15)Counting objects:  93% (14/15)Counting objects: 100% (15/15)Counting objects: 100% (15/15), done.
Delta compression using up to 8 threads
Compressing objects:   9% (1/11)Compressing objects:  18% (2/11)Compressing objects:  27% (3/11)Compressing objects:  36% (4/11)Compressing objects:  45% (5/11)Compressing objects:  54% (6/11)Compressing objects:  63% (7/11)Compressing objects:  72% (8/11)Compressing objects:  81% (9/11)Compressing objects:  90% (10/11)Compressing objects: 100% (11/11)Compressing objects: 100% (11/11), done.
Writing objects:   6% (1/15)Writing objects:  13% (2/15)Writing objects:  20% (3/15)Writing objects:  26% (4/15)Writing objects:  33% (5/15)Writing objects:  40% (6/15)Writing objects:  46% (7/15)Writing objects:  53% (8/15)Writing objects:  60% (9/15)Writing objects:  66% (10/15)Writing objects:  73% (11/15)Writing objects:  80% (12/15)Writing objects:  80% (12/15), 3.27 MiB | 2.68 MiB/sWriting objects:  86% (13/15), 3.27 MiB | 2.68 MiB/sWriting objects:  86% (13/15), 6.30 MiB | 2.48 MiB/sWriting objects:  86% (13/15), 7.54 MiB | 2.44 MiB/sWriting objects:  93% (14/15), 7.54 MiB | 2.44 MiB/sWriting objects: 100% (15/15), 7.54 MiB | 2.44 MiB/sWriting objects: 100% (15/15), 8.17 MiB | 2.41 MiB/s, done.
Total 15 (delta 0), reused 0 (delta 0), pack-reused 0
remote: This repository moved. Please use the new location:[K
remote:   git@github.com:EMDLvdHeijden/good-enough-project-template.git[K
To github.com:EMDLvdHEIJDEN/good-enough-project-template.git
 * [new branch]      master -> master
Branch 'master' set up to track remote branch 'master' from 'origin'.
bash-3.2$ touch anotherfile.txt
bash-3.2$ ls
CITATION.md			data
LICENSE.md			docs
README.md			requirements.txt
Script Bayesian HipMGR_v3.Rmd	results
anotherfile.txt			src
bin				typescript
config
bash-3.2$ git commit anotherfile.txt -m
error: switch `m' requires a value
bash-3.2$ git commit anotherfile.txt -m "My commit message"
error: pathspec 'anotherfile.txt' did not match any file(s) known to git
bash-3.2$ git add anotherfile.txt
bash-3.2$ git add anotherfile.txt[C[C[C[C[C[C[C[C[C[C[C[C[C[Ccommit anotherfile.txt -m "My commit message"[K
error: switch `m' requires a value
bash-3.2$ git commit anotherfile.txt -m[C[C[C[C[C[C[C[C[C[C[C[C[C[C[6Padd anotherfile.txt[C[C[C[C[C[C[C[C[C[C[C[C[C[Ccommit anotherfile.txt -m "My commit message"
[master 4b35f82] My commit message
 1 file changed, 0 insertions(+), 0 deletions(-)
 create mode 100644 anotherfile.txt
bash-3.2$ git status
On branch master
Your branch is ahead of 'origin/master' by 1 commit.
  (use "git push" to publish your local commits)

Changes not staged for commit:
  (use "git add <file>..." to update what will be committed)
  (use "git restore <file>..." to discard changes in working directory)
	[31mmodified:   typescript[m

Untracked files:
  (use "git add <file>..." to include in what will be committed)
	[31m.DS_Store[m
	[31m.gitignore[m

no changes added to commit (use "git add" and/or "git commit -a")
bash-3.2$ git add typescrtipr[K[K[K[Kupt[K[K[Kipt
bash-3.2$ git commit typescript -m "another commit"
[master 2651bec] another commit
 1 file changed, 93 insertions(+), 1 deletion(-)
bash-3.2$ git commit typescript -m "another commit"[C[C[C[C[C[C[C[C[C[C[C[C[C[C[23Padd typescript[8Pstatuscommit anotherfile.txt -m "My commit message"[K[C[C[C[C[C[C[C[C[C[C[C[C[C[C[6Padd anotherfile.txt[C[C[C[C[C[C[C[C[C[C[C[C[C[Ccommit anotherfile.txt -m "My commit message"[K[C[C[C[C[C[C[C[C[C[Cls[Ktouch anotherfile.txt[C[C[C[C[C[C[C[C[C[Cgit push -u origin master
Enumerating objects: 8, done.
Counting objects:  12% (1/8)Counting objects:  25% (2/8)Counting objects:  37% (3/8)Counting objects:  50% (4/8)Counting objects:  62% (5/8)Counting objects:  75% (6/8)Counting objects:  87% (7/8)Counting objects: 100% (8/8)Counting objects: 100% (8/8), done.
Delta compression using up to 8 threads
Compressing objects:  20% (1/5)Compressing objects:  40% (2/5)Compressing objects:  60% (3/5)Compressing objects:  80% (4/5)Compressing objects: 100% (5/5)Compressing objects: 100% (5/5), done.
Writing objects:  16% (1/6)Writing objects:  33% (2/6)Writing objects:  50% (3/6)Writing objects:  66% (4/6)Writing objects:  83% (5/6)Writing objects: 100% (6/6)Writing objects: 100% (6/6), 1.73 KiB | 1.73 MiB/s, done.
Total 6 (delta 3), reused 0 (delta 0), pack-reused 0
remote: Resolving deltas:   0% (0/3)[Kremote: Resolving deltas:  33% (1/3)[Kremote: Resolving deltas:  66% (2/3)[Kremote: Resolving deltas: 100% (3/3)[Kremote: Resolving deltas: 100% (3/3), completed with 2 local objects.[K
remote: This repository moved. Please use the new location:[K
remote:   git@github.com:EMDLvdHeijden/good-enough-project-template.git[K
To github.com:EMDLvdHEIJDEN/good-enough-project-template.git
   f569c9e..2651bec  master -> master
Branch 'master' set up to track remote branch 'master' from 'origin'.
bash-3.2$ git log[K[K[Kstatus
On branch master
Your branch is up to date with 'origin/master'.

Changes not staged for commit:
  (use "git add <file>..." to update what will be committed)
  (use "git restore <file>..." to discard changes in working directory)
	[31mmodified:   typescript[m

Untracked files:
  (use "git add <file>..." to include in what will be committed)
	[31m.DS_Store[m
	[31m.gitignore[m

no changes added to commit (use "git add" and/or "git commit -a")
bash-3.2$ git log
[?1h=[33mcommit 2651becbf7415fd8fe472891fab551585b3034c1[m[33m ([m[1;36mHEAD -> [m[1;32mmaster[m[33m, [m[1;31morigin/master[m[33m)[m[m
Author: EMDLvdHeijden <e.m.d.l.vanderheijden@uu.nl>[m
Date:   Thu Nov 11 10:45:08 2021 +0100[m
[m
    another commit[m
[m
[33mcommit 4b35f82b3c81a0c926f51ec335902ca75a9f02bd[m[m
Author: EMDLvdHeijden <e.m.d.l.vanderheijden@uu.nl>[m
Date:   Thu Nov 11 10:44:04 2021 +0100[m
[m
    My commit message[m
[m
[33mcommit f569c9e10dd5dd111126f21b6d24d4a9ba4c9e71[m[m
Author: EMDLvdHeijden <e.m.d.l.vanderheijden@uu.nl>[m
Date:   Thu Nov 11 10:40:22 2021 +0100[m
[m
    First commit[m
[K[?1l>bash-3.2$ git log --oneline
[?1h=[33m2651bec[m[33m ([m[1;36mHEAD -> [m[1;32mmaster[m[33m, [m[1;31morigin/master[m[33m)[m another commit[m
[33m4b35f82[m My commit message[m
[33mf569c9e[m First commit[m
[K[?1l>bash-3.2$ git diff
[?1h=[1mdiff --git a/typescript b/typescript[m[m
[1mindex b2f6c88..44435ba 100644[m[m
[1m--- a/typescript[m[m
[1m+++ b/typescript[m[m
[36m@@ -217,4 +217,54 @@[m [mUntracked files:[m[m
        [31m.gitignore[m[m[m
 [m[m
 no changes added to commit (use "git add" and/or "git commit -a")[m[m
[31m-bash-3.2$ git add typescr[m[m
\ No newline at end of file[m[m
[32m+[m[32mbash-3.2$ git add typescript[m[41m[7m^M[27m[m[m
[32m+[m[32mbash-3.2$ git commit typescript -m "another commit"[m[41m[7m^M[27m[m[m
[32m+[m[32m[master 2651bec] another commit[m[41m[7m^M[27m[m[m
[32m+[m[32m 1 file changed, 93 insertions(+), 1 deletion(-)[m[41m[7m^M[27m[m[m
[32m+[m[32mbash-3.2$ git commit typescript -m "another commit"[7m^M[27mcommit anotherfile.txt -m "My commi[m [32m[m[32m[7m^H^H^H^H^H^H^H^H^H^H^M[27madd anotherfile.txt[7m^M[27mcommit anotherfile.txt -m[7m^M[27mtouch anotherfile.t[m [32m[m[32mxt[7m^M[27mgit push -u origin master[m[41m[7m^M[27m[m[m
[32m+[m[32mEnumerating objects: 8, done.[m[41m[7m^M[27m[m[m
[32m+[m[32mCounting objects:  12% (1/8)[7m^M[27mCounting objects:  25% (2/8)[7m^M[27mCounting objects:  37% (3/8)[m [32m[m[32m[7m^M[27mCounting objects:  50% (4/8)[7m^M[27mCounting objects:  62% (5/8)[7m^M[27mCounting objects:  75% (6/8[m [32m[m[32m)[7m^M[27mCounting objects:  87% (7/8)[7m^M[27mCounting objects: 100% (8/8)[7m^M[27mCounting objects: 100% (8/[m [32m[m[32m8), done.[m[41m[7m^M[27m[m[m
[32m+[m[32mDelta compression using up to 8 threads[m[41m[7m^M[27m[m[m
[32m+[m[32mCompressing objects:  20% (1/5)[7m^M[27mCompressing objects:  40% (2/5)[7m^M[27mCompressing objects:  [m [32m[m[32m60% (3/5)[7m^M[27mCompressing objects:  80% (4/5)[7m^M[27mCompressing objects: 100% (5/5)[7m^M[27mCompressing [m [32m[m[32mobjects: 100% (5/5), done.[m[41m[7m^M[27m[m[m
[32m+[m[32mWriting objects:  16% (1/6)[7m^M[27mWriting objects:  33% (2/6)[7m^M[27mWriting objects:  50% (3/6)[7m^M[27mW[m [32m[m[32mriting objects:  66% (4/6)[7m^M[27mWriting objects:  83% (5/6)[7m^M[27mWriting objects: 100% (6/6)[7m^M[27mWri[m [32m[m[32mting objects: 100% (6/6), 1.73 KiB | 1.73 MiB/s, done.[m[41m[7m^M[27m[m[m
[32m+[m[32mTotal 6 (delta 3), reused 0 (delta 0), pack-reused 0[m[41m[7m^M[27m[m[m
[32m+[m[32mremote: Resolving deltas:   0% (0/3)[7m^M[27mremote: Resolving deltas:  33% (1/3)[7m^M[27mremote: Reso[m [32m[m[32mlving deltas:  66% (2/3)[7m^M[27mremote: Resolving deltas: 100% (3/3)[7m^M[27mremote: Resolving deltas:[m [32m[m[32m 100% (3/3), completed with 2 local objects.[m[41m[7m^M[27m[m[m
[32m+[m[32mremote: This repository moved. Please use the new location:[m[41m[7m^M[27m[m[m
[32m+[m[32mremote:   git@github.com:EMDLvdHeijden/good-enough-project-template.git[m[41m[7m^M[27m[m[m
[32m+[m[32mTo github.com:EMDLvdHEIJDEN/good-enough-project-template.git[m[41m[7m^M[27m[m[m
[32m+[m[32m   f569c9e..2651bec  master -> master[m[41m[7m^M[27m[m[m
[32m+[m[32mBranch 'master' set up to track remote branch 'master' from 'origin'.[m[41m[7m^M[27m[m[m
[32m+[m[32mbash-3.2$ git status[m[41m[7m^M[27m[m[m
[32m+[m[32mOn branch master[m[41m[7m^M[27m[m[m
[32m+[m[32mYour branch is up to date with 'origin/master'.[m[41m[7m^M[27m[m[m
[32m+[m[41m[7m^M[27m[m[m
[32m+[m[32mChanges not staged for commit:[m[41m[7m^M[27m[m[m
[32m+[m[32m  (use "git add <file>..." to update what will be committed)[m[41m[7m^M[27m[m[m
[32m+[m[32m  (use "git restore <file>..." to discard changes in working directory)[m[41m[7m^M[27m[m[m
[32m+[m       [32m[31mmodified:   typescript[m[m[41m[7m^M[27m[m[m
[32m+[m[41m[7m^M[27m[m[m
[32m+[m[32mUntracked files:[m[41m[7m^M[27m[m[m
[32m+[m[32m  (use "git add <file>..." to include in what will be committed)[m[41m[7m^M[27m[m[m
[32m+[m       [32m[31m.DS_Store[m[m[41m[7m^M[27m[m[m
[32m+[m       [32m[31m.gitignore[m[m[41m[7m^M[27m[m[m
[32m+[m[41m[7m^M[27m[m[m
[32m+[m[32mno changes added to commit (use "git add" and/or "git commit -a")[m[41m[7m^M[27m[m[m
[32m+[m[32mbash-3.2$ git log[m[41m[7m^M[27m[m[m
[32m+[m[32m[7m^M[27m[33mcommit 2651becbf7415fd8fe472891fab551585b3034c1[m[33m ([m[1;36mHEAD -> [m[1;32mmaster[m[33m, [m[1;31morigin/master[m[33m)[m[m[m[41m[7m^M[27m[m[m
[32m+[m[32mAuthor: EMDLvdHeijden <e.m.d.l.vanderheijden@uu.nl>[m[m[41m[7m^M[27m[m[m
[32m+[m[32mDate:   Thu Nov 11 10:45:08 2021 +0100[m[m[41m[7m^M[27m[m[m
[32m+[m[32m[m[m[41m[7m^M[27m[m[m
[32m+[m[32m    another commit[m[m[41m[7m^M[27m[m[m
[32m+[m[32m[m[m[41m[7m^M[27m[m[m
[32m+[m[32m[33mcommit 4b35f82b3c81a0c926f51ec335902ca75a9f02bd[m[m[m[41m[7m^M[27m[m[m
[32m+[m[32mAuthor: EMDLvdHeijden <e.m.d.l.vanderheijden@uu.nl>[m[m[41m[7m^M[27m[m[m
[32m+[m[32mDate:   Thu Nov 11 10:44:04 2021 +0100[m[m[41m[7m^M[27m[m[m
[32m+[m[32m[m[m[41m[7m^M[27m[m[m
[32m+[m[32m    My commit message[m[m[41m[7m^M[27m[m[m
:[K[K[K:[K[K:[K[K[7mNo next tag  (press RETURN)[27m[66;1H[K[K:[K[K[32m+[m[32m[m[m[41m[7m^M[27m[m[m
[32m+[m[32m[33mcommit f569c9e10dd5dd111126f21b6d24d4a9ba4c9e71[m[m[m[41m[7m^M[27m[m[m
[32m+[m[32mAuthor: EMDLvdHeijden <e.m.d.l.vanderheijden@uu.nl>[m[m[41m[7m^M[27m[m[m
[32m+[m[32mDate:   Thu Nov 11 10:40:22 2021 +0100[m[m[41m[7m^M[27m[m[m
[32m+[m[32m[m[m[41m[7m^M[27m[m[m
[32m+[m[32m    First commit[m[m[41m[7m^M[27m[m[m
[32m+[m[32m[7m^M[27mbash-3.2$ git log --on[m[m
\ No newline at end of file[m[m
[7m(END)[27m[K[K[7m(END)[27m[K[K[K[7m(END)[27m[K[K[K[7m(END)[27m[K[K[?1l>bash-3.2$ git diff HEAD~3
fatal: ambiguous argument 'HEAD~3': unknown revision or path not in the working tree.
Use '--' to separate paths from revisions, like this:
'git <command> [<revision>...] -- [<file>...]'
bash-3.2$ git diff HEAD~3[C[C[C[C[C[C[C[C[C[C[Kgit --help
usage: git [--version] [--help] [-C <path>] [-c <name>=<value>]
           [--exec-path[=<path>]] [--html-path] [--man-path] [--info-path]
           [-p | --paginate | -P | --no-pager] [--no-replace-objects] [--bare]
           [--git-dir=<path>] [--work-tree=<path>] [--namespace=<name>]
           [--super-prefix=<path>] [--config-env=<name>=<envvar>]
           <command> [<args>]

These are common Git commands used in various situations:

start a working area (see also: git help tutorial)
   clone             Clone a repository into a new directory
   init              Create an empty Git repository or reinitialize an existing one

work on the current change (see also: git help everyday)
   add               Add file contents to the index
   mv                Move or rename a file, a directory, or a symlink
   restore           Restore working tree files
   rm                Remove files from the working tree and from the index
   sparse-checkout   Initialize and modify the sparse-checkout

examine the history and state (see also: git help revisions)
   bisect            Use binary search to find the commit that introduced a bug
   diff              Show changes between commits, commit and working tree, etc
   grep              Print lines matching a pattern
   log               Show commit logs
   show              Show various types of objects
   status            Show the working tree status

grow, mark and tweak your common history
   branch            List, create, or delete branches
   commit            Record changes to the repository
   merge             Join two or more development histories together
   rebase            Reapply commits on top of another base tip
   reset             Reset current HEAD to the specified state
   switch            Switch branches
   tag               Create, list, delete or verify a tag object signed with GPG

collaborate (see also: git help workflows)
   fetch             Download objects and refs from another repository
   pull              Fetch from and integrate with another repository or a local branch
   push              Update remote refs along with associated objects

'git help -a' and 'git help -g' list available subcommands and some
concept guides. See 'git help <command>' or 'git help <concept>'
to read about a specific subcommand or concept.
See 'git help git' for an overview of the system.
bash-3.2$ ei[Kxit
exit

Script done on Thu Nov 11 17:29:10 2021
